2026-08-01 02:18:46,985 INFO    pubmed                   MGH 2020: 2,126 candidate records
2026-08-01 02:18:47,669 INFO    pubmed                   MGH 2021: 2,387 candidate records
2026-08-01 02:18:48,337 INFO    pubmed                   MGH 2022: 2,300 candidate records
2026-08-01 02:18:49,096 INFO    pubmed                   MGH 2023: 2,279 candidate records
2026-08-01 02:18:50,036 INFO    pubmed                   MGH 2024: 2,443 candidate records
2026-08-01 02:18:50,853 INFO    pubmed                   MGH 2025: 2,803 candidate records
2026-08-01 02:18:51,660 INFO    pubmed                   MGH 2026: 1,902 candidate records
2026-08-01 02:18:52,005 INFO    pubmed                 MGH: 13,831 distinct candidate records
2026-08-01 02:18:53,719 INFO    pubmed                   MGH: 0/13,831 records, 692 affiliations
2026-08-01 02:19:12,680 INFO    pubmed                   MGH: 2,000/13,831 records, 7,824 affiliations
2026-08-01 02:19:33,741 INFO    pubmed                   MGH: 4,000/13,831 records, 15,232 affiliations
2026-08-01 02:19:59,564 INFO    pubmed                   MGH: 6,000/13,831 records, 22,751 affiliations
2026-08-01 02:20:21,199 INFO    pubmed                   MGH: 8,000/13,831 records, 29,514 affiliations
2026-08-01 02:20:42,877 INFO    pubmed                   MGH: 10,000/13,831 records, 36,963 affiliations
2026-08-01 02:21:03,891 INFO    pubmed                   MGH: 12,000/13,831 records, 43,700 affiliations
2026-08-01 02:21:20,592 INFO    pubmed                 MGH: harvested 49,735 author-affiliation records
2026-08-01 02:21:20,880 INFO    pubmed                   BWH 2020: 1,933 candidate records
2026-08-01 02:21:21,584 INFO    pubmed                   BWH 2021: 2,110 candidate records
2026-08-01 02:21:22,246 INFO    pubmed                   BWH 2022: 2,047 candidate records
2026-08-01 02:21:22,907 INFO    pubmed                   BWH 2023: 1,960 candidate records
2026-08-01 02:21:23,549 INFO    pubmed                   BWH 2024: 2,033 candidate records
2026-08-01 02:21:24,218 INFO    pubmed                   BWH 2025: 2,080 candidate records
2026-08-01 02:21:24,832 INFO    pubmed                   BWH 2026: 1,330 candidate records
2026-08-01 02:21:25,176 INFO    pubmed                 BWH: 11,532 distinct candidate records
2026-08-01 02:21:26,990 INFO    pubmed                   BWH: 0/11,532 records, 699 affiliations
2026-08-01 02:21:47,831 INFO    pubmed                   BWH: 2,000/11,532 records, 6,879 affiliations
2026-08-01 02:22:11,654 INFO    pubmed                   BWH: 4,000/11,532 records, 13,557 affiliations
2026-08-01 02:22:34,517 INFO    pubmed                   BWH: 6,000/11,532 records, 19,660 affiliations
2026-08-01 02:22:58,520 INFO    pubmed                   BWH: 8,000/11,532 records, 25,878 affiliations
2026-08-01 02:23:21,335 INFO    pubmed                   BWH: 10,000/11,532 records, 31,804 affiliations
2026-08-01 02:23:36,161 INFO    pubmed                 BWH: harvested 35,585 author-affiliation records
