2026-08-01 02:48:12,097 INFO    pubmed                 [1/32] Massachusetts General Hospital
2026-08-01 02:48:12,172 INFO    pubmed                 MGH: 49,735 cached author-affiliation records
2026-08-01 02:48:12,173 INFO    pubmed                 [2/32] Brigham and Women's Hospital
2026-08-01 02:48:12,196 INFO    pubmed                 BWH: 35,585 cached author-affiliation records
2026-08-01 02:48:12,196 INFO    pubmed                 [3/32] Duke
2026-08-01 02:48:12,525 INFO    pubmed                   IPF2221101 2020: 1,815 candidate records
2026-08-01 02:48:13,170 INFO    pubmed                   IPF2221101 2021: 2,008 candidate records
2026-08-01 02:48:13,834 INFO    pubmed                   IPF2221101 2022: 1,989 candidate records
2026-08-01 02:48:14,522 INFO    pubmed                   IPF2221101 2023: 2,134 candidate records
2026-08-01 02:48:15,195 INFO    pubmed                   IPF2221101 2024: 2,212 candidate records
2026-08-01 02:48:15,874 INFO    pubmed                   IPF2221101 2025: 2,417 candidate records
2026-08-01 02:48:16,499 INFO    pubmed                   IPF2221101 2026: 1,571 candidate records
2026-08-01 02:48:16,841 INFO    pubmed                 IPF2221101: 12,029 distinct candidate records
2026-08-01 02:48:18,308 INFO    pubmed                   IPF2221101: 0/12,029 records, 793 affiliations
2026-08-01 02:48:38,148 INFO    pubmed                   IPF2221101: 2,000/12,029 records, 8,258 affiliations
2026-08-01 02:48:59,174 INFO    pubmed                   IPF2221101: 4,000/12,029 records, 16,651 affiliations
2026-08-01 02:49:17,474 INFO    pubmed                   IPF2221101: 6,000/12,029 records, 24,820 affiliations
2026-08-01 02:49:36,251 INFO    pubmed                   IPF2221101: 8,000/12,029 records, 32,193 affiliations
2026-08-01 02:49:58,040 INFO    pubmed                   IPF2221101: 10,000/12,029 records, 39,952 affiliations
2026-08-01 02:50:18,254 INFO    pubmed                   IPF2221101: 12,000/12,029 records, 47,010 affiliations
2026-08-01 02:50:18,675 INFO    pubmed                 IPF2221101: harvested 47,010 author-affiliation records
2026-08-01 02:50:18,679 INFO    pubmed                 [4/32] WashU St. Louis
2026-08-01 02:50:18,968 INFO    pubmed                   IPF9083901 2020: 1,441 candidate records
2026-08-01 02:50:19,665 INFO    pubmed                   IPF9083901 2021: 1,671 candidate records
2026-08-01 02:50:20,304 INFO    pubmed                   IPF9083901 2022: 1,699 candidate records
2026-08-01 02:50:20,921 INFO    pubmed                   IPF9083901 2023: 1,612 candidate records
2026-08-01 02:50:21,531 INFO    pubmed                   IPF9083901 2024: 1,583 candidate records
2026-08-01 02:50:22,149 INFO    pubmed                   IPF9083901 2025: 1,764 candidate records
2026-08-01 02:50:22,726 INFO    pubmed                   IPF9083901 2026: 1,181 candidate records
2026-08-01 02:50:23,072 INFO    pubmed                 IPF9083901: 9,251 distinct candidate records
2026-08-01 02:50:24,742 INFO    pubmed                   IPF9083901: 0/9,251 records, 838 affiliations
2026-08-01 02:50:47,114 INFO    pubmed                   IPF9083901: 2,000/9,251 records, 8,460 affiliations
2026-08-01 02:51:08,215 INFO    pubmed                   IPF9083901: 4,000/9,251 records, 16,562 affiliations
2026-08-01 02:51:29,040 INFO    pubmed                   IPF9083901: 6,000/9,251 records, 25,262 affiliations
2026-08-01 02:51:50,760 INFO    pubmed                   IPF9083901: 8,000/9,251 records, 33,291 affiliations
2026-08-01 02:52:02,545 INFO    pubmed                 IPF9083901: harvested 37,948 author-affiliation records
2026-08-01 02:52:02,549 INFO    pubmed                 [5/32] Michigan
2026-08-01 02:52:02,854 INFO    pubmed                   IPF1506502 2020: 2,036 candidate records
2026-08-01 02:52:03,512 INFO    pubmed                   IPF1506502 2021: 2,245 candidate records
2026-08-01 02:52:04,161 INFO    pubmed                   IPF1506502 2022: 2,099 candidate records
2026-08-01 02:52:04,890 INFO    pubmed                   IPF1506502 2023: 2,094 candidate records
2026-08-01 02:52:05,530 INFO    pubmed                   IPF1506502 2024: 2,126 candidate records
2026-08-01 02:52:06,201 INFO    pubmed                   IPF1506502 2025: 2,303 candidate records
2026-08-01 02:52:06,846 INFO    pubmed                   IPF1506502 2026: 1,545 candidate records
2026-08-01 02:52:07,188 INFO    pubmed                 IPF1506502: 12,192 distinct candidate records
2026-08-01 02:52:08,636 INFO    pubmed                   IPF1506502: 0/12,192 records, 811 affiliations
2026-08-01 02:52:27,321 INFO    pubmed                   IPF1506502: 2,000/12,192 records, 7,863 affiliations
2026-08-01 02:52:48,975 INFO    pubmed                   IPF1506502: 4,000/12,192 records, 16,012 affiliations
2026-08-01 02:53:09,615 INFO    pubmed                   IPF1506502: 6,000/12,192 records, 23,076 affiliations
2026-08-01 02:53:30,415 INFO    pubmed                   IPF1506502: 8,000/12,192 records, 30,167 affiliations
2026-08-01 02:53:50,838 INFO    pubmed                   IPF1506502: 10,000/12,192 records, 37,015 affiliations
2026-08-01 02:54:10,983 INFO    pubmed                   IPF1506502: 12,000/12,192 records, 44,193 affiliations
2026-08-01 02:54:11,437 INFO    pubmed                 IPF1506502: harvested 44,193 author-affiliation records
2026-08-01 02:54:11,442 INFO    pubmed                 [6/32] Penn
2026-08-01 02:54:11,725 INFO    pubmed                   IPF6463801 2020: 1,960 candidate records
2026-08-01 02:54:12,440 INFO    pubmed                   IPF6463801 2021: 2,198 candidate records
2026-08-01 02:54:13,097 INFO    pubmed                   IPF6463801 2022: 2,108 candidate records
2026-08-01 02:54:13,760 INFO    pubmed                   IPF6463801 2023: 2,199 candidate records
2026-08-01 02:54:14,470 INFO    pubmed                   IPF6463801 2024: 2,294 candidate records
2026-08-01 02:54:15,157 INFO    pubmed                   IPF6463801 2025: 2,462 candidate records
2026-08-01 02:54:15,761 INFO    pubmed                   IPF6463801 2026: 1,553 candidate records
2026-08-01 02:54:16,124 INFO    pubmed                 IPF6463801: 12,571 distinct candidate records
2026-08-01 02:54:17,550 INFO    pubmed                   IPF6463801: 0/12,571 records, 815 affiliations
2026-08-01 02:54:35,339 INFO    pubmed                   IPF6463801: 2,000/12,571 records, 8,320 affiliations
2026-08-01 02:54:58,605 INFO    pubmed                   IPF6463801: 4,000/12,571 records, 16,435 affiliations
2026-08-01 02:55:17,556 INFO    pubmed                   IPF6463801: 6,000/12,571 records, 23,902 affiliations
2026-08-01 02:55:38,662 INFO    pubmed                   IPF6463801: 8,000/12,571 records, 31,232 affiliations
2026-08-01 02:56:00,464 INFO    pubmed                   IPF6463801: 10,000/12,571 records, 39,159 affiliations
2026-08-01 02:56:20,650 INFO    pubmed                   IPF6463801: 12,000/12,571 records, 46,923 affiliations
2026-08-01 02:56:26,036 INFO    pubmed                 IPF6463801: harvested 48,617 author-affiliation records
2026-08-01 02:56:26,043 INFO    pubmed                 [7/32] Pittsburgh
2026-08-01 02:56:26,364 INFO    pubmed                   IPF2059802 2020: 1,914 candidate records
2026-08-01 02:56:27,003 INFO    pubmed                   IPF2059802 2021: 2,154 candidate records
2026-08-01 02:56:27,716 INFO    pubmed                   IPF2059802 2022: 2,123 candidate records
2026-08-01 02:56:28,359 INFO    pubmed                   IPF2059802 2023: 2,056 candidate records
2026-08-01 02:56:29,010 INFO    pubmed                   IPF2059802 2024: 2,315 candidate records
2026-08-01 02:56:29,698 INFO    pubmed                   IPF2059802 2025: 2,423 candidate records
2026-08-01 02:56:30,324 INFO    pubmed                   IPF2059802 2026: 1,620 candidate records
2026-08-01 02:56:30,671 INFO    pubmed                 IPF2059802: 12,320 distinct candidate records
2026-08-01 02:56:32,197 INFO    pubmed                   IPF2059802: 0/12,320 records, 742 affiliations
2026-08-01 02:56:51,741 INFO    pubmed                   IPF2059802: 2,000/12,320 records, 8,610 affiliations
2026-08-01 02:57:14,189 INFO    pubmed                   IPF2059802: 4,000/12,320 records, 16,882 affiliations
2026-08-01 02:57:33,814 INFO    pubmed                   IPF2059802: 6,000/12,320 records, 24,837 affiliations
2026-08-01 02:57:54,324 INFO    pubmed                   IPF2059802: 8,000/12,320 records, 33,064 affiliations
2026-08-01 02:58:16,432 INFO    pubmed                   IPF2059802: 10,000/12,320 records, 41,225 affiliations
2026-08-01 02:58:37,728 INFO    pubmed                   IPF2059802: 12,000/12,320 records, 49,371 affiliations
2026-08-01 02:58:39,695 INFO    pubmed                 IPF2059802: harvested 49,772 author-affiliation records
2026-08-01 02:58:39,701 INFO    pubmed                 [8/32] UC San Francisco
2026-08-01 02:58:39,939 INFO    pubmed                   IPF577508 2020: 1,141 candidate records
2026-08-01 02:58:40,562 INFO    pubmed                   IPF577508 2021: 1,308 candidate records
2026-08-01 02:58:41,177 INFO    pubmed                   IPF577508 2022: 1,371 candidate records
2026-08-01 02:58:41,802 INFO    pubmed                   IPF577508 2023: 1,396 candidate records
2026-08-01 02:58:42,410 INFO    pubmed                   IPF577508 2024: 1,435 candidate records
2026-08-01 02:58:43,009 INFO    pubmed                   IPF577508 2025: 1,521 candidate records
2026-08-01 02:58:43,663 INFO    pubmed                   IPF577508 2026: 984 candidate records
2026-08-01 02:58:44,004 INFO    pubmed                 IPF577508: 7,860 distinct candidate records
2026-08-01 02:58:46,046 INFO    pubmed                   IPF577508: 0/7,860 records, 749 affiliations
2026-08-01 02:59:07,483 INFO    pubmed                   IPF577508: 2,000/7,860 records, 8,359 affiliations
2026-08-01 02:59:27,191 INFO    pubmed                   IPF577508: 4,000/7,860 records, 15,752 affiliations
2026-08-01 02:59:48,479 INFO    pubmed                   IPF577508: 6,000/7,860 records, 24,244 affiliations
2026-08-01 03:00:06,795 INFO    pubmed                 IPF577508: harvested 31,086 author-affiliation records
2026-08-01 03:00:06,799 INFO    pubmed                 [9/32] Ohio State
2026-08-01 03:00:07,101 INFO    pubmed                   IPF6218701 2020: 1,578 candidate records
2026-08-01 03:00:07,712 INFO    pubmed                   IPF6218701 2021: 1,544 candidate records
2026-08-01 03:00:08,309 INFO    pubmed                   IPF6218701 2022: 1,449 candidate records
2026-08-01 03:00:08,931 INFO    pubmed                   IPF6218701 2023: 1,498 candidate records
2026-08-01 03:00:09,575 INFO    pubmed                   IPF6218701 2024: 1,554 candidate records
2026-08-01 03:00:10,199 INFO    pubmed                   IPF6218701 2025: 1,638 candidate records
2026-08-01 03:00:10,787 INFO    pubmed                   IPF6218701 2026: 1,139 candidate records
2026-08-01 03:00:11,132 INFO    pubmed                 IPF6218701: 8,808 distinct candidate records
2026-08-01 03:00:12,826 INFO    pubmed                   IPF6218701: 0/8,808 records, 655 affiliations
2026-08-01 03:00:31,428 INFO    pubmed                   IPF6218701: 2,000/8,808 records, 7,831 affiliations
2026-08-01 03:00:53,684 INFO    pubmed                   IPF6218701: 4,000/8,808 records, 15,017 affiliations
2026-08-01 03:01:14,728 INFO    pubmed                   IPF6218701: 6,000/8,808 records, 22,737 affiliations
2026-08-01 03:01:34,375 INFO    pubmed                   IPF6218701: 8,000/8,808 records, 29,565 affiliations
2026-08-01 03:01:41,276 INFO    pubmed                 IPF6218701: harvested 31,908 author-affiliation records
2026-08-01 03:01:41,285 INFO    pubmed                 [10/32] Minnesota
2026-08-01 03:01:41,542 INFO    pubmed                   IPF1450402 2020: 908 candidate records
2026-08-01 03:01:42,102 INFO    pubmed                   IPF1450402 2021: 970 candidate records
2026-08-01 03:01:42,672 INFO    pubmed                   IPF1450402 2022: 983 candidate records
2026-08-01 03:01:43,267 INFO    pubmed                   IPF1450402 2023: 1,043 candidate records
2026-08-01 03:01:43,853 INFO    pubmed                   IPF1450402 2024: 1,129 candidate records
2026-08-01 03:01:44,457 INFO    pubmed                   IPF1450402 2025: 1,225 candidate records
2026-08-01 03:01:45,024 INFO    pubmed                   IPF1450402 2026: 786 candidate records
2026-08-01 03:01:45,372 INFO    pubmed                 IPF1450402: 6,026 distinct candidate records
2026-08-01 03:01:47,437 INFO    pubmed                   IPF1450402: 0/6,026 records, 819 affiliations
2026-08-01 03:02:08,396 INFO    pubmed                   IPF1450402: 2,000/6,026 records, 7,118 affiliations
2026-08-01 03:02:28,886 INFO    pubmed                   IPF1450402: 4,000/6,026 records, 13,308 affiliations
2026-08-01 03:02:49,086 INFO    pubmed                   IPF1450402: 6,000/6,026 records, 18,996 affiliations
2026-08-01 03:02:49,474 INFO    pubmed                 IPF1450402: harvested 18,996 author-affiliation records
2026-08-01 03:02:49,477 INFO    pubmed                 [11/32] Stanford
2026-08-01 03:02:49,786 INFO    pubmed                   IPF8046501 2020: 2,136 candidate records
2026-08-01 03:02:50,536 INFO    pubmed                   IPF8046501 2021: 2,205 candidate records
2026-08-01 03:02:51,185 INFO    pubmed                   IPF8046501 2022: 2,146 candidate records
2026-08-01 03:02:51,894 INFO    pubmed                   IPF8046501 2023: 2,150 candidate records
2026-08-01 03:02:52,631 INFO    pubmed                   IPF8046501 2024: 2,303 candidate records
2026-08-01 03:02:53,468 INFO    pubmed                   IPF8046501 2025: 2,546 candidate records
2026-08-01 03:02:54,082 INFO    pubmed                   IPF8046501 2026: 1,661 candidate records
2026-08-01 03:02:54,425 INFO    pubmed                 IPF8046501: 13,007 distinct candidate records
2026-08-01 03:02:56,330 INFO    pubmed                   IPF8046501: 0/13,007 records, 703 affiliations
2026-08-01 03:03:17,254 INFO    pubmed                   IPF8046501: 2,000/13,007 records, 7,950 affiliations
2026-08-01 03:03:38,437 INFO    pubmed                   IPF8046501: 4,000/13,007 records, 15,247 affiliations
2026-08-01 03:04:04,346 INFO    pubmed                   IPF8046501: 6,000/13,007 records, 22,734 affiliations
2026-08-01 03:04:29,507 INFO    pubmed                   IPF8046501: 8,000/13,007 records, 29,602 affiliations
2026-08-01 03:04:50,575 INFO    pubmed                   IPF8046501: 10,000/13,007 records, 36,757 affiliations
2026-08-01 03:05:09,835 INFO    pubmed                   IPF8046501: 12,000/13,007 records, 43,658 affiliations
2026-08-01 03:05:19,933 INFO    pubmed                 IPF8046501: harvested 46,484 author-affiliation records
2026-08-01 03:05:19,945 INFO    pubmed                 [12/32] Florida
2026-08-01 03:05:20,160 INFO    pubmed                   IPF513806 2020: 829 candidate records
2026-08-01 03:05:20,740 INFO    pubmed                   IPF513806 2021: 923 candidate records
2026-08-01 03:05:21,319 INFO    pubmed                   IPF513806 2022: 976 candidate records
2026-08-01 03:05:21,895 INFO    pubmed                   IPF513806 2023: 1,071 candidate records
2026-08-01 03:05:22,489 INFO    pubmed                   IPF513806 2024: 1,154 candidate records
2026-08-01 03:05:23,080 INFO    pubmed                   IPF513806 2025: 1,146 candidate records
2026-08-01 03:05:23,648 INFO    pubmed                   IPF513806 2026: 761 candidate records
2026-08-01 03:05:23,991 INFO    pubmed                 IPF513806: 5,789 distinct candidate records
2026-08-01 03:05:26,012 INFO    pubmed                   IPF513806: 0/5,789 records, 651 affiliations
2026-08-01 03:05:45,858 INFO    pubmed                   IPF513806: 2,000/5,789 records, 7,193 affiliations
2026-08-01 03:06:07,496 INFO    pubmed                   IPF513806: 4,000/5,789 records, 13,963 affiliations
2026-08-01 03:06:26,114 INFO    pubmed                 IPF513806: harvested 19,072 author-affiliation records
2026-08-01 03:06:26,119 INFO    pubmed                 [13/32] Wisconsin–Madison
2026-08-01 03:06:26,378 INFO    pubmed                   IPF578503 2020: 877 candidate records
2026-08-01 03:06:26,994 INFO    pubmed                   IPF578503 2021: 939 candidate records
2026-08-01 03:06:27,589 INFO    pubmed                   IPF578503 2022: 887 candidate records
2026-08-01 03:06:28,158 INFO    pubmed                   IPF578503 2023: 874 candidate records
2026-08-01 03:06:28,726 INFO    pubmed                   IPF578503 2024: 965 candidate records
2026-08-01 03:06:29,320 INFO    pubmed                   IPF578503 2025: 1,171 candidate records
2026-08-01 03:06:29,889 INFO    pubmed                   IPF578503 2026: 723 candidate records
2026-08-01 03:06:30,233 INFO    pubmed                 IPF578503: 5,473 distinct candidate records
2026-08-01 03:06:31,948 INFO    pubmed                   IPF578503: 0/5,473 records, 750 affiliations
2026-08-01 03:06:54,669 INFO    pubmed                   IPF578503: 2,000/5,473 records, 7,943 affiliations
2026-08-01 03:07:15,348 INFO    pubmed                   IPF578503: 4,000/5,473 records, 14,939 affiliations
2026-08-01 03:07:28,888 INFO    pubmed                 IPF578503: harvested 19,430 author-affiliation records
2026-08-01 03:07:28,891 INFO    pubmed                 [14/32] Northwestern
2026-08-01 03:07:29,158 INFO    pubmed                   IPF6144650 2020: 1,402 candidate records
2026-08-01 03:07:29,812 INFO    pubmed                   IPF6144650 2021: 1,501 candidate records
2026-08-01 03:07:30,426 INFO    pubmed                   IPF6144650 2022: 1,533 candidate records
2026-08-01 03:07:31,032 INFO    pubmed                   IPF6144650 2023: 1,449 candidate records
2026-08-01 03:07:31,659 INFO    pubmed                   IPF6144650 2024: 1,506 candidate records
2026-08-01 03:07:32,271 INFO    pubmed                   IPF6144650 2025: 1,678 candidate records
2026-08-01 03:07:32,849 INFO    pubmed                   IPF6144650 2026: 1,068 candidate records
2026-08-01 03:07:33,196 INFO    pubmed                 IPF6144650: 8,682 distinct candidate records
2026-08-01 03:07:34,836 INFO    pubmed                   IPF6144650: 0/8,682 records, 635 affiliations
2026-08-01 03:07:58,688 INFO    pubmed                   IPF6144650: 2,000/8,682 records, 8,329 affiliations
2026-08-01 03:08:19,590 INFO    pubmed                   IPF6144650: 4,000/8,682 records, 16,598 affiliations
2026-08-01 03:08:40,619 INFO    pubmed                   IPF6144650: 6,000/8,682 records, 25,020 affiliations
2026-08-01 03:09:02,837 INFO    pubmed                   IPF6144650: 8,000/8,682 records, 33,254 affiliations
2026-08-01 03:09:09,833 INFO    pubmed                 IPF6144650: harvested 35,195 author-affiliation records
2026-08-01 03:09:09,837 INFO    pubmed                 [15/32] Columbia
2026-08-01 03:09:10,119 INFO    pubmed                   IPF1833205 2020: 1,501 candidate records
2026-08-01 03:09:10,801 INFO    pubmed                   IPF1833205 2021: 1,538 candidate records
2026-08-01 03:09:11,410 INFO    pubmed                   IPF1833205 2022: 1,519 candidate records
2026-08-01 03:09:12,026 INFO    pubmed                   IPF1833205 2023: 1,548 candidate records
2026-08-01 03:09:12,679 INFO    pubmed                   IPF1833205 2024: 1,625 candidate records
2026-08-01 03:09:13,292 INFO    pubmed                   IPF1833205 2025: 1,684 candidate records
2026-08-01 03:09:14,002 INFO    pubmed                   IPF1833205 2026: 1,135 candidate records
2026-08-01 03:09:14,346 INFO    pubmed                 IPF1833205: 8,940 distinct candidate records
2026-08-01 03:09:16,220 INFO    pubmed                   IPF1833205: 0/8,940 records, 682 affiliations
2026-08-01 03:09:41,735 INFO    pubmed                   IPF1833205: 2,000/8,940 records, 7,937 affiliations
2026-08-01 03:10:03,734 INFO    pubmed                   IPF1833205: 4,000/8,940 records, 14,652 affiliations
2026-08-01 03:10:26,994 INFO    pubmed                   IPF1833205: 6,000/8,940 records, 21,901 affiliations
2026-08-01 03:10:47,679 INFO    pubmed                   IPF1833205: 8,000/8,940 records, 29,352 affiliations
2026-08-01 03:10:55,970 INFO    pubmed                 IPF1833205: harvested 31,938 author-affiliation records
2026-08-01 03:10:55,975 INFO    pubmed                 [16/32] NYU
2026-08-01 03:10:56,233 INFO    pubmed                   IPF5998304 2020: 1,479 candidate records
2026-08-01 03:10:56,857 INFO    pubmed                   IPF5998304 2021: 1,699 candidate records
2026-08-01 03:10:57,490 INFO    pubmed                   IPF5998304 2022: 1,727 candidate records
2026-08-01 03:10:58,116 INFO    pubmed                   IPF5998304 2023: 1,816 candidate records
2026-08-01 03:10:58,741 INFO    pubmed                   IPF5998304 2024: 1,939 candidate records
2026-08-01 03:10:59,379 INFO    pubmed                   IPF5998304 2025: 2,036 candidate records
2026-08-01 03:10:59,976 INFO    pubmed                   IPF5998304 2026: 1,404 candidate records
2026-08-01 03:11:00,323 INFO    pubmed                 IPF5998304: 10,161 distinct candidate records
2026-08-01 03:11:01,570 INFO    pubmed                   IPF5998304: 0/10,161 records, 708 affiliations
2026-08-01 03:11:18,548 INFO    pubmed                   IPF5998304: 2,000/10,161 records, 7,392 affiliations
2026-08-01 03:11:38,281 INFO    pubmed                   IPF5998304: 4,000/10,161 records, 14,751 affiliations
2026-08-01 03:11:56,797 INFO    pubmed                   IPF5998304: 6,000/10,161 records, 21,843 affiliations
2026-08-01 03:12:15,872 INFO    pubmed                   IPF5998304: 8,000/10,161 records, 28,693 affiliations
2026-08-01 03:12:35,546 INFO    pubmed                   IPF5998304: 10,000/10,161 records, 35,224 affiliations
2026-08-01 03:12:35,997 INFO    pubmed                 IPF5998304: harvested 35,224 author-affiliation records
2026-08-01 03:12:36,002 INFO    pubmed                 [17/32] Johns Hopkins
2026-08-01 03:12:36,350 INFO    pubmed                   IPF4134401 2020: 2,573 candidate records
2026-08-01 03:12:37,064 INFO    pubmed                   IPF4134401 2021: 2,744 candidate records
2026-08-01 03:12:37,740 INFO    pubmed                   IPF4134401 2022: 2,791 candidate records
2026-08-01 03:12:38,525 INFO    pubmed                   IPF4134401 2023: 2,620 candidate records
2026-08-01 03:12:39,197 INFO    pubmed                   IPF4134401 2024: 2,748 candidate records
2026-08-01 03:12:39,891 INFO    pubmed                   IPF4134401 2025: 2,793 candidate records
2026-08-01 03:12:40,513 INFO    pubmed                   IPF4134401 2026: 1,806 candidate records
2026-08-01 03:12:40,860 INFO    pubmed                 IPF4134401: 15,399 distinct candidate records
2026-08-01 03:12:42,301 INFO    pubmed                   IPF4134401: 0/15,399 records, 845 affiliations
2026-08-01 03:13:01,662 INFO    pubmed                   IPF4134401: 2,000/15,399 records, 8,556 affiliations
2026-08-01 03:13:20,040 INFO    pubmed                   IPF4134401: 4,000/15,399 records, 16,582 affiliations
2026-08-01 03:13:39,518 INFO    pubmed                   IPF4134401: 6,000/15,399 records, 24,049 affiliations
2026-08-01 03:13:58,874 INFO    pubmed                   IPF4134401: 8,000/15,399 records, 31,318 affiliations
2026-08-01 03:14:18,652 INFO    pubmed                   IPF4134401: 10,000/15,399 records, 38,771 affiliations
2026-08-01 03:14:39,076 INFO    pubmed                   IPF4134401: 12,000/15,399 records, 45,897 affiliations
2026-08-01 03:14:59,800 INFO    pubmed                   IPF4134401: 14,000/15,399 records, 52,911 affiliations
2026-08-01 03:15:12,308 INFO    pubmed                 IPF4134401: harvested 57,383 author-affiliation records
2026-08-01 03:15:12,315 INFO    pubmed                 [18/32] MD Anderson
2026-08-01 03:15:12,573 INFO    pubmed                   IPF578407 2020: 1,328 candidate records
2026-08-01 03:15:13,188 INFO    pubmed                   IPF578407 2021: 1,358 candidate records
2026-08-01 03:15:13,815 INFO    pubmed                   IPF578407 2022: 1,265 candidate records
2026-08-01 03:15:14,457 INFO    pubmed                   IPF578407 2023: 1,342 candidate records
2026-08-01 03:15:15,055 INFO    pubmed                   IPF578407 2024: 1,323 candidate records
2026-08-01 03:15:15,664 INFO    pubmed                   IPF578407 2025: 1,426 candidate records
2026-08-01 03:15:16,232 INFO    pubmed                   IPF578407 2026: 984 candidate records
2026-08-01 03:15:16,576 INFO    pubmed                 IPF578407: 7,863 distinct candidate records
2026-08-01 03:15:18,332 INFO    pubmed                   IPF578407: 0/7,863 records, 1,174 affiliations
2026-08-01 03:15:37,788 INFO    pubmed                   IPF578407: 2,000/7,863 records, 11,686 affiliations
2026-08-01 03:15:58,387 INFO    pubmed                   IPF578407: 4,000/7,863 records, 21,500 affiliations
2026-08-01 03:16:21,079 INFO    pubmed                   IPF578407: 6,000/7,863 records, 31,988 affiliations
2026-08-01 03:16:39,869 INFO    pubmed                 IPF578407: harvested 40,423 author-affiliation records
2026-08-01 03:16:39,874 INFO    pubmed                 [19/32] Rochester
2026-08-01 03:16:40,087 INFO    pubmed                   IPF7047101 2020: 389 candidate records
2026-08-01 03:16:40,626 INFO    pubmed                   IPF7047101 2021: 432 candidate records
2026-08-01 03:16:41,202 INFO    pubmed                   IPF7047101 2022: 513 candidate records
2026-08-01 03:16:41,761 INFO    pubmed                   IPF7047101 2023: 553 candidate records
2026-08-01 03:16:42,338 INFO    pubmed                   IPF7047101 2024: 626 candidate records
2026-08-01 03:16:42,907 INFO    pubmed                   IPF7047101 2025: 707 candidate records
2026-08-01 03:16:43,449 INFO    pubmed                   IPF7047101 2026: 435 candidate records
2026-08-01 03:16:43,794 INFO    pubmed                 IPF7047101: 3,091 distinct candidate records
2026-08-01 03:16:45,135 INFO    pubmed                   IPF7047101: 0/3,091 records, 728 affiliations
2026-08-01 03:17:04,984 INFO    pubmed                   IPF7047101: 2,000/3,091 records, 7,374 affiliations
2026-08-01 03:17:14,607 INFO    pubmed                 IPF7047101: harvested 10,329 author-affiliation records
2026-08-01 03:17:14,608 INFO    pubmed                 [20/32] UCLA
2026-08-01 03:17:14,858 INFO    pubmed                   IPF577505 2020: 1,034 candidate records
2026-08-01 03:17:15,502 INFO    pubmed                   IPF577505 2021: 1,168 candidate records
2026-08-01 03:17:16,106 INFO    pubmed                   IPF577505 2022: 1,073 candidate records
2026-08-01 03:17:16,733 INFO    pubmed                   IPF577505 2023: 1,107 candidate records
2026-08-01 03:17:17,340 INFO    pubmed                   IPF577505 2024: 1,134 candidate records
2026-08-01 03:17:17,950 INFO    pubmed                   IPF577505 2025: 1,284 candidate records
2026-08-01 03:17:18,535 INFO    pubmed                   IPF577505 2026: 859 candidate records
2026-08-01 03:17:18,879 INFO    pubmed                 IPF577505: 6,546 distinct candidate records
2026-08-01 03:17:20,563 INFO    pubmed                   IPF577505: 0/6,546 records, 784 affiliations
2026-08-01 03:17:40,691 INFO    pubmed                   IPF577505: 2,000/6,546 records, 8,228 affiliations
2026-08-01 03:18:01,323 INFO    pubmed                   IPF577505: 4,000/6,546 records, 15,399 affiliations
2026-08-01 03:18:21,304 INFO    pubmed                   IPF577505: 6,000/6,546 records, 22,527 affiliations
2026-08-01 03:18:25,540 INFO    pubmed                 IPF577505: harvested 23,769 author-affiliation records
2026-08-01 03:18:25,544 INFO    pubmed                 [21/32] UC San Diego
2026-08-01 03:18:25,760 INFO    pubmed                   IPF577507 2020: 668 candidate records
2026-08-01 03:18:26,318 INFO    pubmed                   IPF577507 2021: 734 candidate records
2026-08-01 03:18:26,941 INFO    pubmed                   IPF577507 2022: 732 candidate records
2026-08-01 03:18:27,580 INFO    pubmed                   IPF577507 2023: 743 candidate records
2026-08-01 03:18:28,128 INFO    pubmed                   IPF577507 2024: 754 candidate records
2026-08-01 03:18:28,692 INFO    pubmed                   IPF577507 2025: 888 candidate records
2026-08-01 03:18:29,236 INFO    pubmed                   IPF577507 2026: 604 candidate records
2026-08-01 03:18:29,586 INFO    pubmed                 IPF577507: 4,394 distinct candidate records
2026-08-01 03:18:31,847 INFO    pubmed                   IPF577507: 0/4,394 records, 696 affiliations
2026-08-01 03:18:53,405 INFO    pubmed                   IPF577507: 2,000/4,394 records, 7,636 affiliations
2026-08-01 03:19:15,126 INFO    pubmed                   IPF577507: 4,000/4,394 records, 14,460 affiliations
2026-08-01 03:19:17,740 INFO    pubmed                 IPF577507: harvested 15,123 author-affiliation records
2026-08-01 03:19:17,743 INFO    pubmed                 [22/32] Maryland Baltimore
2026-08-01 03:19:17,962 INFO    pubmed                   IPF820104 2020: 765 candidate records
2026-08-01 03:19:18,560 INFO    pubmed                   IPF820104 2021: 877 candidate records
2026-08-01 03:19:19,153 INFO    pubmed                   IPF820104 2022: 871 candidate records
2026-08-01 03:19:19,746 INFO    pubmed                   IPF820104 2023: 776 candidate records
2026-08-01 03:19:20,332 INFO    pubmed                   IPF820104 2024: 760 candidate records
2026-08-01 03:19:20,908 INFO    pubmed                   IPF820104 2025: 882 candidate records
2026-08-01 03:19:21,497 INFO    pubmed                   IPF820104 2026: 639 candidate records
2026-08-01 03:19:21,851 INFO    pubmed                 IPF820104: 4,745 distinct candidate records
2026-08-01 03:19:23,563 INFO    pubmed                   IPF820104: 0/4,745 records, 607 affiliations
2026-08-01 03:19:46,172 INFO    pubmed                   IPF820104: 2,000/4,745 records, 8,001 affiliations
2026-08-01 03:20:07,768 INFO    pubmed                   IPF820104: 4,000/4,745 records, 14,422 affiliations
2026-08-01 03:20:14,007 INFO    pubmed                 IPF820104: harvested 16,038 author-affiliation records
2026-08-01 03:20:14,010 INFO    pubmed                 [23/32] Weill Cornell
2026-08-01 03:20:14,288 INFO    pubmed                   IPF1514803 2020: 1,594 candidate records
2026-08-01 03:20:14,917 INFO    pubmed                   IPF1514803 2021: 1,870 candidate records
2026-08-01 03:20:15,716 INFO    pubmed                   IPF1514803 2022: 1,887 candidate records
2026-08-01 03:20:16,337 INFO    pubmed                   IPF1514803 2023: 1,814 candidate records
2026-08-01 03:20:16,955 INFO    pubmed                   IPF1514803 2024: 1,818 candidate records
2026-08-01 03:20:17,586 INFO    pubmed                   IPF1514803 2025: 1,921 candidate records
2026-08-01 03:20:18,189 INFO    pubmed                   IPF1514803 2026: 1,274 candidate records
2026-08-01 03:20:18,535 INFO    pubmed                 IPF1514803: 10,263 distinct candidate records
2026-08-01 03:20:19,875 INFO    pubmed                   IPF1514803: 0/10,263 records, 576 affiliations
2026-08-01 03:20:38,486 INFO    pubmed                   IPF1514803: 2,000/10,263 records, 6,194 affiliations
2026-08-01 03:21:00,731 INFO    pubmed                   IPF1514803: 4,000/10,263 records, 11,768 affiliations
2026-08-01 03:21:20,171 INFO    pubmed                   IPF1514803: 6,000/10,263 records, 18,130 affiliations
2026-08-01 03:21:38,784 INFO    pubmed                   IPF1514803: 8,000/10,263 records, 24,324 affiliations
2026-08-01 03:21:58,175 INFO    pubmed                   IPF1514803: 10,000/10,263 records, 30,172 affiliations
2026-08-01 03:21:59,943 INFO    pubmed                 IPF1514803: harvested 30,423 author-affiliation records
2026-08-01 03:21:59,949 INFO    pubmed                 [24/32] Emory
2026-08-01 03:22:00,191 INFO    pubmed                   IPF2384501 2020: 1,152 candidate records
2026-08-01 03:22:00,788 INFO    pubmed                   IPF2384501 2021: 1,338 candidate records
2026-08-01 03:22:01,383 INFO    pubmed                   IPF2384501 2022: 1,300 candidate records
2026-08-01 03:22:01,984 INFO    pubmed                   IPF2384501 2023: 1,308 candidate records
2026-08-01 03:22:02,586 INFO    pubmed                   IPF2384501 2024: 1,429 candidate records
2026-08-01 03:22:03,208 INFO    pubmed                   IPF2384501 2025: 1,547 candidate records
2026-08-01 03:22:03,776 INFO    pubmed                   IPF2384501 2026: 986 candidate records
2026-08-01 03:22:04,126 INFO    pubmed                 IPF2384501: 7,598 distinct candidate records
2026-08-01 03:22:05,421 INFO    pubmed                   IPF2384501: 0/7,598 records, 666 affiliations
2026-08-01 03:22:29,995 INFO    pubmed                   IPF2384501: 2,000/7,598 records, 7,318 affiliations
2026-08-01 03:22:52,510 INFO    pubmed                   IPF2384501: 4,000/7,598 records, 13,929 affiliations
2026-08-01 03:23:14,101 INFO    pubmed                   IPF2384501: 6,000/7,598 records, 20,089 affiliations
2026-08-01 03:23:28,755 INFO    pubmed                 IPF2384501: harvested 24,151 author-affiliation records
2026-08-01 03:23:28,761 INFO    pubmed                 [25/32] Miami
2026-08-01 03:23:29,028 INFO    pubmed                   IPF5221250 2020: 1,297 candidate records
2026-08-01 03:23:29,668 INFO    pubmed                   IPF5221250 2021: 1,416 candidate records
2026-08-01 03:23:30,309 INFO    pubmed                   IPF5221250 2022: 1,306 candidate records
2026-08-01 03:23:30,919 INFO    pubmed                   IPF5221250 2023: 1,324 candidate records
2026-08-01 03:23:31,585 INFO    pubmed                   IPF5221250 2024: 1,409 candidate records
2026-08-01 03:23:32,200 INFO    pubmed                   IPF5221250 2025: 1,627 candidate records
2026-08-01 03:23:32,811 INFO    pubmed                   IPF5221250 2026: 1,066 candidate records
2026-08-01 03:23:33,153 INFO    pubmed                 IPF5221250: 8,072 distinct candidate records
2026-08-01 03:23:34,585 INFO    pubmed                   IPF5221250: 0/8,072 records, 696 affiliations
2026-08-01 03:23:54,899 INFO    pubmed                   IPF5221250: 2,000/8,072 records, 8,155 affiliations
2026-08-01 03:24:15,942 INFO    pubmed                   IPF5221250: 4,000/8,072 records, 15,302 affiliations
2026-08-01 03:24:35,192 INFO    pubmed                   IPF5221250: 6,000/8,072 records, 22,477 affiliations
2026-08-01 03:24:57,334 INFO    pubmed                   IPF5221250: 8,000/8,072 records, 28,909 affiliations
2026-08-01 03:24:57,757 INFO    pubmed                 IPF5221250: harvested 28,909 author-affiliation records
2026-08-01 03:24:57,762 INFO    pubmed                 [26/32] UC Davis
2026-08-01 03:24:57,980 INFO    pubmed                   IPF577503 2020: 472 candidate records
2026-08-01 03:24:58,665 INFO    pubmed                   IPF577503 2021: 543 candidate records
2026-08-01 03:24:59,221 INFO    pubmed                   IPF577503 2022: 555 candidate records
2026-08-01 03:24:59,775 INFO    pubmed                   IPF577503 2023: 552 candidate records
2026-08-01 03:25:00,334 INFO    pubmed                   IPF577503 2024: 577 candidate records
2026-08-01 03:25:00,896 INFO    pubmed                   IPF577503 2025: 636 candidate records
2026-08-01 03:25:01,427 INFO    pubmed                   IPF577503 2026: 432 candidate records
2026-08-01 03:25:01,771 INFO    pubmed                 IPF577503: 3,231 distinct candidate records
2026-08-01 03:25:03,223 INFO    pubmed                   IPF577503: 0/3,231 records, 573 affiliations
2026-08-01 03:25:22,835 INFO    pubmed                   IPF577503: 2,000/3,231 records, 5,956 affiliations
2026-08-01 03:25:33,875 INFO    pubmed                 IPF577503: harvested 8,723 author-affiliation records
2026-08-01 03:25:33,879 INFO    pubmed                 [27/32] Virginia
2026-08-01 03:25:34,138 INFO    pubmed                   IPF1526402 2020: 845 candidate records
2026-08-01 03:25:34,712 INFO    pubmed                   IPF1526402 2021: 878 candidate records
2026-08-01 03:25:35,285 INFO    pubmed                   IPF1526402 2022: 928 candidate records
2026-08-01 03:25:35,848 INFO    pubmed                   IPF1526402 2023: 921 candidate records
2026-08-01 03:25:36,408 INFO    pubmed                   IPF1526402 2024: 939 candidate records
2026-08-01 03:25:36,989 INFO    pubmed                   IPF1526402 2025: 1,063 candidate records
2026-08-01 03:25:38,475 INFO    pubmed                   IPF1526402 2026: 686 candidate records
2026-08-01 03:25:38,830 INFO    pubmed                 IPF1526402: 5,227 distinct candidate records
2026-08-01 03:25:40,665 INFO    pubmed                   IPF1526402: 0/5,227 records, 627 affiliations
2026-08-01 03:26:02,987 INFO    pubmed                   IPF1526402: 2,000/5,227 records, 7,344 affiliations
2026-08-01 03:26:23,756 INFO    pubmed                   IPF1526402: 4,000/5,227 records, 12,819 affiliations
2026-08-01 03:26:35,406 INFO    pubmed                 IPF1526402: harvested 15,556 author-affiliation records
2026-08-01 03:26:35,409 INFO    pubmed                 [28/32] UAB
2026-08-01 03:26:35,617 INFO    pubmed                   IPF1288803 2020: 775 candidate records
2026-08-01 03:26:36,197 INFO    pubmed                   IPF1288803 2021: 905 candidate records
2026-08-01 03:26:36,773 INFO    pubmed                   IPF1288803 2022: 885 candidate records
2026-08-01 03:26:37,336 INFO    pubmed                   IPF1288803 2023: 831 candidate records
2026-08-01 03:26:37,894 INFO    pubmed                   IPF1288803 2024: 857 candidate records
2026-08-01 03:26:38,462 INFO    pubmed                   IPF1288803 2025: 917 candidate records
2026-08-01 03:26:39,024 INFO    pubmed                   IPF1288803 2026: 648 candidate records
2026-08-01 03:26:39,371 INFO    pubmed                 IPF1288803: 4,923 distinct candidate records
2026-08-01 03:26:40,707 INFO    pubmed                   IPF1288803: 0/4,923 records, 764 affiliations
2026-08-01 03:27:03,091 INFO    pubmed                   IPF1288803: 2,000/4,923 records, 7,747 affiliations
2026-08-01 03:27:26,573 INFO    pubmed                   IPF1288803: 4,000/4,923 records, 14,643 affiliations
2026-08-01 03:27:33,662 INFO    pubmed                 IPF1288803: harvested 16,948 author-affiliation records
2026-08-01 03:27:33,664 INFO    pubmed                 [29/32] Baylor College of Medicine
2026-08-01 03:27:33,951 INFO    pubmed                   IPF481201 2020: 1,302 candidate records
2026-08-01 03:27:34,562 INFO    pubmed                   IPF481201 2021: 1,409 candidate records
2026-08-01 03:27:35,198 INFO    pubmed                   IPF481201 2022: 1,314 candidate records
2026-08-01 03:27:35,941 INFO    pubmed                   IPF481201 2023: 1,258 candidate records
2026-08-01 03:27:36,534 INFO    pubmed                   IPF481201 2024: 1,299 candidate records
2026-08-01 03:27:37,137 INFO    pubmed                   IPF481201 2025: 1,391 candidate records
2026-08-01 03:27:37,741 INFO    pubmed                   IPF481201 2026: 902 candidate records
2026-08-01 03:27:38,086 INFO    pubmed                 IPF481201: 7,528 distinct candidate records
2026-08-01 03:27:39,355 INFO    pubmed                   IPF481201: 0/7,528 records, 637 affiliations
2026-08-01 03:27:57,331 INFO    pubmed                   IPF481201: 2,000/7,528 records, 7,402 affiliations
2026-08-01 03:28:17,586 INFO    pubmed                   IPF481201: 4,000/7,528 records, 13,818 affiliations
2026-08-01 03:28:38,289 INFO    pubmed                   IPF481201: 6,000/7,528 records, 20,446 affiliations
2026-08-01 03:28:52,245 INFO    pubmed                 IPF481201: harvested 24,769 author-affiliation records
2026-08-01 03:28:52,250 INFO    pubmed                 [30/32] Yale
2026-08-01 03:28:52,496 INFO    pubmed                   IPF9420201 2020: 1,188 candidate records
2026-08-01 03:28:53,117 INFO    pubmed                   IPF9420201 2021: 1,358 candidate records
2026-08-01 03:28:53,716 INFO    pubmed                   IPF9420201 2022: 1,354 candidate records
2026-08-01 03:28:54,330 INFO    pubmed                   IPF9420201 2023: 1,399 candidate records
2026-08-01 03:28:54,933 INFO    pubmed                   IPF9420201 2024: 1,508 candidate records
2026-08-01 03:28:55,549 INFO    pubmed                   IPF9420201 2025: 1,591 candidate records
2026-08-01 03:28:56,147 INFO    pubmed                   IPF9420201 2026: 1,117 candidate records
2026-08-01 03:28:56,497 INFO    pubmed                 IPF9420201: 8,095 distinct candidate records
2026-08-01 03:28:57,915 INFO    pubmed                   IPF9420201: 0/8,095 records, 696 affiliations
2026-08-01 03:29:18,598 INFO    pubmed                   IPF9420201: 2,000/8,095 records, 7,675 affiliations
2026-08-01 03:29:40,111 INFO    pubmed                   IPF9420201: 4,000/8,095 records, 14,508 affiliations
2026-08-01 03:30:01,477 INFO    pubmed                   IPF9420201: 6,000/8,095 records, 20,863 affiliations
2026-08-01 03:30:22,126 INFO    pubmed                   IPF9420201: 8,000/8,095 records, 26,841 affiliations
2026-08-01 03:30:22,550 INFO    pubmed                 IPF9420201: harvested 26,841 author-affiliation records
2026-08-01 03:30:22,553 INFO    pubmed                 [31/32] Colorado Denver
2026-08-01 03:30:22,812 INFO    pubmed                   IPF1199905 2020: 1,074 candidate records
2026-08-01 03:30:23,408 INFO    pubmed                   IPF1199905 2021: 1,165 candidate records
2026-08-01 03:30:24,014 INFO    pubmed                   IPF1199905 2022: 1,275 candidate records
2026-08-01 03:30:24,612 INFO    pubmed                   IPF1199905 2023: 1,346 candidate records
2026-08-01 03:30:25,222 INFO    pubmed                   IPF1199905 2024: 1,347 candidate records
2026-08-01 03:30:25,851 INFO    pubmed                   IPF1199905 2025: 1,552 candidate records
2026-08-01 03:30:26,452 INFO    pubmed                   IPF1199905 2026: 1,010 candidate records
2026-08-01 03:30:26,793 INFO    pubmed                 IPF1199905: 7,429 distinct candidate records
2026-08-01 03:30:28,247 INFO    pubmed                   IPF1199905: 0/7,429 records, 726 affiliations
2026-08-01 03:30:46,504 INFO    pubmed                   IPF1199905: 2,000/7,429 records, 6,907 affiliations
2026-08-01 03:31:09,964 INFO    pubmed                   IPF1199905: 4,000/7,429 records, 13,852 affiliations
2026-08-01 03:31:30,076 INFO    pubmed                   IPF1199905: 6,000/7,429 records, 20,501 affiliations
2026-08-01 03:31:42,786 INFO    pubmed                 IPF1199905: harvested 24,296 author-affiliation records
2026-08-01 03:31:42,791 INFO    pubmed                 [32/32] Indiana Indianapolis
2026-08-01 03:31:43,020 INFO    pubmed                   IPF577806 2020: 940 candidate records
2026-08-01 03:31:43,621 INFO    pubmed                   IPF577806 2021: 1,039 candidate records
2026-08-01 03:31:44,205 INFO    pubmed                   IPF577806 2022: 960 candidate records
2026-08-01 03:31:44,782 INFO    pubmed                   IPF577806 2023: 968 candidate records
2026-08-01 03:31:45,402 INFO    pubmed                   IPF577806 2024: 1,034 candidate records
2026-08-01 03:31:46,001 INFO    pubmed                   IPF577806 2025: 1,128 candidate records
2026-08-01 03:31:46,758 INFO    pubmed                   IPF577806 2026: 737 candidate records
2026-08-01 03:31:47,104 INFO    pubmed                 IPF577806: 5,788 distinct candidate records
2026-08-01 03:31:48,654 INFO    pubmed                   IPF577806: 0/5,788 records, 726 affiliations
2026-08-01 03:32:08,078 INFO    pubmed                   IPF577806: 2,000/5,788 records, 7,573 affiliations
2026-08-01 03:32:27,642 INFO    pubmed                   IPF577806: 4,000/5,788 records, 13,628 affiliations
2026-08-01 03:32:45,177 INFO    pubmed                 IPF577806: harvested 18,107 author-affiliation records
2026-08-01 03:32:46,544 INFO    pubmed                 harvest complete: 963,981 author-affiliation records across 32 institutions
